C51 COMPILER V9.60.0.0   MATRIXKEY                                                         02/21/2023 18:41:35 PAGE 1   


C51 COMPILER V9.60.0.0, COMPILATION OF MODULE MATRIXKEY
OBJECT MODULE PLACED IN .\Objects\MatrixKey.obj
COMPILER INVOKED BY: C:\Keil_v5\C51\BIN\C51.EXE MatrixKey.c OPTIMIZE(8,SPEED) BROWSE DEBUG OBJECTEXTEND PRINT(.\Listings
                    -\MatrixKey.lst) TABS(2) OBJECT(.\Objects\MatrixKey.obj)

line level    source

   1          #include <REGX52.H>
   2          #include <Delay.h>
   3          #include <LCD1602.h>
   4          unsigned int MatrixKey()
   5          {
   6   1        while(1)
   7   1        {
   8   2          unsigned char Keynumber=0;
   9   2          P1=0xFF;
  10   2          P1_3=0;
  11   2          if(P1_7==0)
  12   2          {
  13   3              Delay(20);
  14   3              while(P1_7==0);
  15   3              Delay(20);
  16   3              Keynumber=1;
  17   3              return(Keynumber);
  18   3          }
  19   2            else if (P1_6==0)
  20   2            {
  21   3              Delay(20);
  22   3              while(P1_6==0);
  23   3              Delay(20);
  24   3              Keynumber=5;
  25   3              return(Keynumber);
  26   3            }
  27   2            else if (P1_5==0)
  28   2            {
  29   3              Delay(20);
  30   3              while(P1_5==0);
  31   3              Delay(20);
  32   3              Keynumber=9;
  33   3              return(Keynumber);
  34   3            }
  35   2            else if (P1_4==0)
  36   2            {
  37   3              Delay(20);
  38   3              while(P1_4==0);
  39   3              Delay(20);
  40   3              Keynumber=13;
  41   3              return(Keynumber);
  42   3            }
  43   2            P1=0xFF;
  44   2            P1_2=0;
  45   2            if(P1_7==0)
  46   2            {
  47   3              Delay(20);
  48   3              while(P1_7==0);
  49   3              Delay(20);
  50   3              Keynumber=2;
  51   3              return(Keynumber);
  52   3            }
  53   2            else if (P1_6==0)
  54   2            {
C51 COMPILER V9.60.0.0   MATRIXKEY                                                         02/21/2023 18:41:35 PAGE 2   

  55   3              Delay(20);
  56   3              while(P1_6==0);
  57   3              Delay(20);
  58   3              Keynumber=6;
  59   3              return(Keynumber);
  60   3            }
  61   2            else if (P1_5==0)
  62   2            {
  63   3              Delay(20);
  64   3              while(P1_5==0);
  65   3              Delay(20);
  66   3              Keynumber=10;
  67   3              return(Keynumber);
  68   3            }
  69   2            else if (P1_4==0)
  70   2            {
  71   3              Delay(20);
  72   3              while(P1_4==0);
  73   3              Delay(20);
  74   3              Keynumber=14;
  75   3              return(Keynumber);
  76   3            }
  77   2            P1=0xFF;
  78   2            P1_1=0;
  79   2            if(P1_7==0)
  80   2            {
  81   3              Delay(20);
  82   3              while(P1_7==0);
  83   3              Delay(20);
  84   3              Keynumber=3;
  85   3              return(Keynumber);
  86   3            }
  87   2            else if (P1_6==0)
  88   2            {
  89   3              Delay(20);
  90   3              while(P1_6==0);
  91   3              Delay(20);
  92   3              Keynumber=7;
  93   3              return(Keynumber);
  94   3            }
  95   2            else if (P1_5==0)
  96   2            {
  97   3              Delay(20);
  98   3              while(P1_5==0);
  99   3              Delay(20);
 100   3              Keynumber=11;
 101   3              return(Keynumber);
 102   3            }
 103   2            else if (P1_4==0)
 104   2            {
 105   3              Delay(20);
 106   3              while(P1_4==0);
 107   3              Delay(20);
 108   3              Keynumber=15;
 109   3              return(Keynumber);
 110   3            }
 111   2            P1=0xFF;
 112   2            P1_0=0;
 113   2            if(P1_7==0)
 114   2            {
 115   3              Delay(20);
 116   3              while(P1_7==0);
C51 COMPILER V9.60.0.0   MATRIXKEY                                                         02/21/2023 18:41:35 PAGE 3   

 117   3              Delay(20);
 118   3              Keynumber=4;
 119   3              return(Keynumber);
 120   3            }
 121   2            else if (P1_6==0)
 122   2            {
 123   3              Delay(20);
 124   3              while(P1_6==0);
 125   3              Delay(20);
 126   3              Keynumber=8;
 127   3              return(Keynumber);
 128   3            }
 129   2            else if (P1_5==0)
 130   2            {
 131   3              Delay(20);
 132   3              while(P1_5==0);
 133   3              Delay(20);
 134   3              Keynumber=12;
 135   3              return(Keynumber);
 136   3            }
 137   2            else if (P1_4==0)
 138   2            {
 139   3              Delay(20);
 140   3              while(P1_4==0);
 141   3              Delay(20);
 142   3              Keynumber=16;
 143   3              return(Keynumber);
 144   3            }
 145   2            return(Keynumber);
 146   2         }
 147   1       }


MODULE INFORMATION:   STATIC OVERLAYABLE
   CODE SIZE        =    438    ----
   CONSTANT SIZE    =   ----    ----
   XDATA SIZE       =   ----    ----
   PDATA SIZE       =   ----    ----
   DATA SIZE        =   ----       1
   IDATA SIZE       =   ----    ----
   BIT SIZE         =   ----    ----
END OF MODULE INFORMATION.


C51 COMPILATION COMPLETE.  0 WARNING(S),  0 ERROR(S)
