BL51 BANKED LINKER/LOCATER V6.22.2.0                                                    02/20/2023  17:53:31  PAGE 1


BL51 BANKED LINKER/LOCATER V6.22.2.0, INVOKED BY:
C:\KEIL_V5\C51\BIN\BL51.EXE .\Objects\STARTUP.obj, .\Objects\main.obj TO .\Objects\project PRINT (.\Listings\project.m51
>> ) RAMSIZE (256)


MEMORY MODEL: SMALL


INPUT MODULES INCLUDED:
  .\Objects\STARTUP.obj (?C_STARTUP)
  .\Objects\main.obj (MAIN)


LINK MAP OF MODULE:  .\Objects\project (?C_STARTUP)


            TYPE    BASE      LENGTH    RELOCATION   SEGMENT NAME
            -----------------------------------------------------

            * * * * * * *   D A T A   M E M O R Y   * * * * * * *
            REG     0000H     0008H     ABSOLUTE     "REG BANK 0"
            IDATA   0008H     0001H     UNIT         ?STACK

            * * * * * * *   C O D E   M E M O R Y   * * * * * * *
            CODE    0000H     0003H     ABSOLUTE     
                    0003H     07FDH                  *** GAP ***
            CODE    0800H     0024H     UNIT         ?PR?MAIN?MAIN
            CODE    0824H     000EH     UNIT         ?PR?DELAY500MS?MAIN
            CODE    0832H     000CH     UNIT         ?C_C51STARTUP



OVERLAY MAP OF MODULE:   .\Objects\project (?C_STARTUP)


SEGMENT
  +--> CALLED SEGMENT
---------------------
?C_C51STARTUP
  +--> ?PR?MAIN?MAIN

?PR?MAIN?MAIN
  +--> ?PR?DELAY500MS?MAIN



SYMBOL TABLE OF MODULE:  .\Objects\project (?C_STARTUP)

  VALUE           TYPE          NAME
  ----------------------------------

  -------         MODULE        ?C_STARTUP
  C:0832H         SEGMENT       ?C_C51STARTUP
  I:0008H         SEGMENT       ?STACK
  C:0000H         PUBLIC        ?C_STARTUP
  D:00E0H         SYMBOL        ACC
  D:00F0H         SYMBOL        B
  D:0083H         SYMBOL        DPH
BL51 BANKED LINKER/LOCATER V6.22.2.0                                                  02/20/2023  17:53:31  PAGE 2


  D:0082H         SYMBOL        DPL
  N:0000H         SYMBOL        IBPSTACK
  N:0100H         SYMBOL        IBPSTACKTOP
  N:0080H         SYMBOL        IDATALEN
  C:0835H         SYMBOL        IDATALOOP
  N:0000H         SYMBOL        PBPSTACK
  N:0100H         SYMBOL        PBPSTACKTOP
  N:0000H         SYMBOL        PDATALEN
  N:0000H         SYMBOL        PDATASTART
  N:0000H         SYMBOL        PPAGE
  N:0000H         SYMBOL        PPAGEENABLE
  D:00A0H         SYMBOL        PPAGE_SFR
  D:0081H         SYMBOL        SP
  C:0832H         SYMBOL        STARTUP1
  N:0000H         SYMBOL        XBPSTACK
  N:0000H         SYMBOL        XBPSTACKTOP
  N:0000H         SYMBOL        XDATALEN
  N:0000H         SYMBOL        XDATASTART
  C:0000H         LINE#         126
  C:0832H         LINE#         133
  C:0834H         LINE#         134
  C:0835H         LINE#         135
  C:0836H         LINE#         136
  C:0838H         LINE#         185
  C:083BH         LINE#         196
  -------         ENDMOD        ?C_STARTUP

  -------         MODULE        MAIN
  C:0000H         SYMBOL        _ICE_DUMMY_
  D:00A0H         PUBLIC        P2
  C:0800H         PUBLIC        main
  C:0824H         PUBLIC        Delay500ms
  -------         PROC          DELAY500MS
  -------         DO            
  D:0007H         SYMBOL        i
  D:0006H         SYMBOL        j
  D:0005H         SYMBOL        k
  -------         ENDDO         
  C:0824H         LINE#         3
  C:0824H         LINE#         4
  C:0824H         LINE#         7
  C:0825H         LINE#         8
  C:0827H         LINE#         9
  C:0829H         LINE#         10
  C:082BH         LINE#         12
  C:082BH         LINE#         14
  C:082BH         LINE#         15
  C:082DH         LINE#         16
  C:082FH         LINE#         17
  C:0831H         LINE#         18
  -------         ENDPROC       DELAY500MS
  -------         PROC          MAIN
  -------         DO            
  D:0002H         SYMBOL        i
  -------         ENDDO         
  C:0800H         LINE#         20
  C:0800H         LINE#         21
BL51 BANKED LINKER/LOCATER V6.22.2.0                                                  02/20/2023  17:53:31  PAGE 3


  C:0800H         LINE#         23
  C:0800H         LINE#         24
  C:0800H         LINE#         25
  C:0803H         LINE#         26
  C:0806H         LINE#         27
  C:0809H         LINE#         28
  C:0809H         LINE#         29
  C:0811H         LINE#         30
  C:0814H         LINE#         31
  C:0817H         LINE#         32
  -------         ENDPROC       MAIN
  -------         ENDMOD        MAIN

******************************************************************************
* RESTRICTED VERSION WITH 0800H BYTE CODE SIZE LIMIT; USED: 0041H BYTE ( 3%) *
******************************************************************************

Program Size: data=9.0 xdata=0 code=65
LINK/LOCATE RUN COMPLETE.  0 WARNING(S),  0 ERROR(S)
